======================================================================
daily_update run at 2026-09-12 23:03:34 (jobs=['daily'], dry_run=False, check=False)
======================================================================
daily_update run at 2026-09-12 23:23:16 (jobs=['daily'], dry_run=False, check=False)
[daily] discovering tables (ps.DETAIL_CDR_SGIDIAMETER_%) ...
[daily] backfill mode — considering newest 23 table(s) (existing CSVs are skipped)
======================================================================
daily_update run at 2026-09-12 23:23:51 (jobs=['daily'], dry_run=False, check=False)
[daily] discovering tables (ps.DETAIL_CDR_SGIDIAMETER_%) ...
[daily] backfill mode — considering newest 10 table(s) (existing CSVs are skipped)
[daily] ps.detail_cdr_sgidiameter_20700: holds 1970-01-01 but is still the current (partial) day — skipped, will export tomorrow
[daily] ps.detail_cdr_sgidiameter_20705: holds 1970-01-01 but is still the current (partial) day — skipped, will export tomorrow
[daily] ps.detail_cdr_sgidiameter_20706: holds 1970-01-01 but is still the current (partial) day — skipped, will export tomorrow
[daily] ps.detail_cdr_sgidiameter_20707: holds 1970-01-01 but is still the current (partial) day — skipped, will export tomorrow
[daily] ps.detail_cdr_sgidiameter_20708: holds 1970-01-01 but is still the current (partial) day — skipped, will export tomorrow
[daily] ps.detail_cdr_sgidiameter_20709: holds 1970-01-01 but is still the current (partial) day — skipped, will export tomorrow
[daily] ps.detail_cdr_sgidiameter_20701 (2026-09-04): exporting ...
[daily] ps.detail_cdr_sgidiameter_20701: query failed — reconnecting and retrying once ...
 error: AttributeError: 'Connection' object has no attribute 'jconn'
[daily] reconnecting ...
[daily] reconnected.
[daily] ps.detail_cdr_sgidiameter_20701: query failed again — skipped (state NOT advanced, will retry next run)
 error: AttributeError: 'Connection' object has no attribute 'jconn'
[daily] ps.detail_cdr_sgidiameter_20702 (2026-09-05): exporting ...
[daily] ps.detail_cdr_sgidiameter_20702: query failed — reconnecting and retrying once ...
 error: AttributeError: 'Connection' object has no attribute 'jconn'
[daily] reconnecting ...
[daily] reconnected.
[daily] ps.detail_cdr_sgidiameter_20702: query failed again — skipped (state NOT advanced, will retry next run)
 error: AttributeError: 'Connection' object has no attribute 'jconn'
[daily] ps.detail_cdr_sgidiameter_20703 (2026-09-06): exporting ...
[daily] ps.detail_cdr_sgidiameter_20703: query failed — reconnecting and retrying once ...
 error: AttributeError: 'Connection' object has no attribute 'jconn'
[daily] reconnecting ...
[daily] reconnected.
[daily] ps.detail_cdr_sgidiameter_20703: query failed again — skipped (state NOT advanced, will retry next run)
 error: AttributeError: 'Connection' object has no attribute 'jconn'
[daily] ps.detail_cdr_sgidiameter_20704 (2026-09-07): exporting ...
[daily] ps.detail_cdr_sgidiameter_20704: query failed — reconnecting and retrying once ...
 error: AttributeError: 'Connection' object has no attribute 'jconn'
[daily] reconnecting ...
[daily] reconnected.
[daily] ps.detail_cdr_sgidiameter_20704: query failed again — skipped (state NOT advanced, will retry next run)
 error: AttributeError: 'Connection' object has no attribute 'jconn'
state saved: {}
run finished
======================================================================
daily_update run at 2026-09-13 00:05:23 (jobs=['daily'], dry_run=False, check=False)
[daily] discovering tables (ps.DETAIL_CDR_SGIDIAMETER_%) ...
[daily] backfill mode — considering newest 10 table(s) (existing CSVs are skipped)
[daily] ps.detail_cdr_sgidiameter_20700: holds 1970-01-01 but is still the current (partial) day — skipped, will export tomorrow
[daily] ps.detail_cdr_sgidiameter_20705: holds 1970-01-01 but is still the current (partial) day — skipped, will export tomorrow
[daily] ps.detail_cdr_sgidiameter_20706: holds 1970-01-01 but is still the current (partial) day — skipped, will export tomorrow
[daily] ps.detail_cdr_sgidiameter_20707: holds 1970-01-01 but is still the current (partial) day — skipped, will export tomorrow
[daily] ps.detail_cdr_sgidiameter_20708: holds 1970-01-01 but is still the current (partial) day — skipped, will export tomorrow
[daily] ps.detail_cdr_sgidiameter_20709: holds 1970-01-01 but is still the current (partial) day — skipped, will export tomorrow
[daily] ps.detail_cdr_sgidiameter_20701 (2026-09-04): exporting ...
[daily] ps.detail_cdr_sgidiameter_20701: query failed — reconnecting and retrying once ...
 error: AttributeError: 'Connection' object has no attribute 'jconn'
[daily] reconnecting ...
[daily] reconnected.
[daily] ps.detail_cdr_sgidiameter_20701: query failed again — skipped (state NOT advanced, will retry next run)
 error: AttributeError: 'Connection' object has no attribute 'jconn'
[daily] ps.detail_cdr_sgidiameter_20702 (2026-09-05): exporting ...
[daily] ps.detail_cdr_sgidiameter_20702: query failed — reconnecting and retrying once ...
 error: AttributeError: 'Connection' object has no attribute 'jconn'
[daily] reconnecting ...
[daily] reconnected.
[daily] ps.detail_cdr_sgidiameter_20702: query failed again — skipped (state NOT advanced, will retry next run)
 error: AttributeError: 'Connection' object has no attribute 'jconn'
[daily] ps.detail_cdr_sgidiameter_20703 (2026-09-06): exporting ...
[daily] ps.detail_cdr_sgidiameter_20703: query failed — reconnecting and retrying once ...
 error: AttributeError: 'Connection' object has no attribute 'jconn'
[daily] reconnecting ...
[daily] reconnected.
[daily] ps.detail_cdr_sgidiameter_20703: query failed again — skipped (state NOT advanced, will retry next run)
 error: AttributeError: 'Connection' object has no attribute 'jconn'
[daily] ps.detail_cdr_sgidiameter_20704 (2026-09-07): exporting ...
[daily] ps.detail_cdr_sgidiameter_20704: query failed — reconnecting and retrying once ...
 error: AttributeError: 'Connection' object has no attribute 'jconn'
[daily] reconnecting ...
[daily] reconnected.
[daily] ps.detail_cdr_sgidiameter_20704: query failed again — skipped (state NOT advanced, will retry next run)
 error: AttributeError: 'Connection' object has no attribute 'jconn'
state saved: {}
run finished
======================================================================
daily_update run at 2026-09-13 00:23:32 (jobs=['daily'], dry_run=False, check=False)
[daily] discovering tables (ps.DETAIL_CDR_SGIDIAMETER_%) ...
[daily] backfill mode — considering newest 10 table(s) (existing CSVs are skipped)
[daily] ps.detail_cdr_sgidiameter_20700: holds 1970-01-01 but is still the current (partial) day — skipped, will export tomorrow
[daily] ps.detail_cdr_sgidiameter_20705: holds 1970-01-01 but is still the current (partial) day — skipped, will export tomorrow
[daily] ps.detail_cdr_sgidiameter_20706: holds 1970-01-01 but is still the current (partial) day — skipped, will export tomorrow
[daily] ps.detail_cdr_sgidiameter_20707: holds 1970-01-01 but is still the current (partial) day — skipped, will export tomorrow
[daily] ps.detail_cdr_sgidiameter_20708: holds 1970-01-01 but is still the current (partial) day — skipped, will export tomorrow
[daily] ps.detail_cdr_sgidiameter_20709: holds 1970-01-01 but is still the current (partial) day — skipped, will export tomorrow
[daily] ps.detail_cdr_sgidiameter_20701 (2026-09-04): exporting ...
[daily] ps.detail_cdr_sgidiameter_20701 (2026-09-04): wrote 10,612 rows -> detail_cdr_sgidiameter_20701.csv | exec 785.6s (server), fetch 0.4s (26,530 rows/s), write 0.1s
[daily] ps.detail_cdr_sgidiameter_20701 (2026-09-04): wrote 10,612 rows -> ClickHouse `free_rg_smart_care_daily` (0.1s)
[daily] ps.detail_cdr_sgidiameter_20702 (2026-09-05): exporting ...
[daily] ps.detail_cdr_sgidiameter_20702 (2026-09-05): wrote 10,646 rows -> detail_cdr_sgidiameter_20702.csv | exec 737.0s (server), fetch 0.4s (26,615 rows/s), write 0.1s
[daily] ps.detail_cdr_sgidiameter_20702 (2026-09-05): wrote 10,646 rows -> ClickHouse `free_rg_smart_care_daily` (0.1s)
[daily] ps.detail_cdr_sgidiameter_20703 (2026-09-06): exporting ...
[daily] ps.detail_cdr_sgidiameter_20703: query failed — reconnecting and retrying once ...
 error: OperationalError: TExecuteStatementResp(status=TStatus(statusCode=3, infoMessages=['*org.apache.hive.service.cli.HiveSQLException:Error running query: org.apache.spark.SparkException: Job aborted due to stage failure: Task 612 in stage 2889.0 failed 4 times, most recent failure: Lost task 612.3 in stage 2889.0 (TID 5191662) (hadoopc1h42 executor 89): org.apache.spark.memory.SparkOutOfMemoryError: Unable to acquire 196 bytes of memory, got 0\n\tat org.apache.spark.memory.MemoryConsumer.throwOom(MemoryConsumer.java:157)\n\tat org.apache.spark.memory.MemoryConsumer.allocatePage(MemoryConsumer.java:118)\n\tat org.apache.spark.util.collection.unsafe.sort.UnsafeExternalSorter.acquireNewPageIfNecessary(UnsafeExternalSorter.java:401)\n\tat org.apache.spark.util.collection.unsafe.sort.UnsafeExternalSorter.allocateMemoryForRecordIfNecessary(UnsafeExternalSorter.java:420)\n\tat org.apache.spark.util.collection.unsafe.sort.UnsafeExternalSorter.insertRecord(UnsafeExternalSorter.java:455)\n\tat org.apache.spark.sql.execution.UnsafeExternalRowSorter.insertRow(UnsafeExternalRowSorter.java:115)\n\tat org.apache.spark.sql.catalyst.expressions.GeneratedClass$GeneratedIteratorForCodegenStage4.sort_addToSorter_0$(Unknown Source)\n\tat org.apache.spark.sql.catalyst.expressions.GeneratedClass$GeneratedIteratorForCodegenStage4.processNext(Unknown Source)\n\tat org.apache.spark.sql.execution.BufferedRowIterator.hasNext(BufferedRowIterator.java:43)\n\tat org.apache.spark.sql.execution.WholeStageCodegenExec$$anon$1.hasNext(WholeStageCodegenExec.scala:755)\n\tat org.apache.spark.sql.execution.window.WindowExec$$anon$1.fetchNextRow(WindowExec.scala:133)\n\tat org.apache.spark.sql.execution.window.WindowExec$$anon$1.<init>(WindowExec.scala:142)\n\tat org.apache.spark.sql.execution.window.WindowExec.$anonfun$doExecute$3(WindowExec.scala:122)\n\tat org.apache.spark.rdd.RDD.$anonfun$mapPartitions$2(RDD.scala:862)\n\tat org.apache.spark.rdd.RDD.$anonfun$mapPartitions$2$adapted(RDD.scala:862)\n\tat org.apache.spark.rdd.MapPartitionsRDD.compute(MapPartitionsRDD.scala:52)\n\tat org.apache.spark.rdd.RDD.computeOrReadCheckpoint(RDD.scala:373)\n\tat org.apache.spark.rdd.RDD.iterator(RDD.scala:337)\n\tat org.apache.spark.rdd.MapPartitionsRDD.compute(MapPartitionsRDD.scala:52)\n\tat org.apache.spark.rdd.RDD.computeOrReadCheckpoint(RDD.scala:373)\n\tat org.apache.spark.rdd.RDD.iterator(RDD.scala:337)\n\tat org.apache.spark.rdd.MapPartitionsRDD.compute(MapPartitionsRDD.scala:52)\n\tat org.apache.spark.rdd.RDD.computeOrReadCheckpoint(RDD.scala:373)\n\tat org.apache.spark.rdd.RDD.iterator(RDD.scala:337)\n\tat org.apache.spark.rdd.MapPartitionsRDD.compute(MapPartitionsRDD.scala:52)\n\tat org.apache.spark.rdd.RDD.computeOrReadCheckpoint(RDD.scala:373)\n\tat org.apache.spark.rdd.RDD.iterator(RDD.scala:337)\n\tat org.apache.spark.rdd.MapPartitionsRDD.compute(MapPartitionsRDD.scala:52)\n\tat org.apache.spark.rdd.RDD.computeOrReadCheckpoint(RDD.scala:373)\n\tat org.apache.spark.rdd.RDD.iterator(RDD.scala:337)\n\tat org.apache.spark.rdd.MapPartitionsRDD.compute(MapPartitionsRDD.scala:52)\n\tat org.apache.spark.rdd.RDD.computeOrReadCheckpoint(RDD.scala:373)\n\tat org.apache.spark.rdd.RDD.iterator(RDD.scala:337)\n\tat org.apache.spark.rdd.MapPartitionsRDD.compute(MapPartitionsRDD.scala:52)\n\tat org.apache.spark.rdd.RDD.computeOrReadCheckpoint(RDD.scala:373)\n\tat org.apache.spark.rdd.RDD.iterator(RDD.scala:337)\n\tat org.apache.spark.scheduler.ResultTask.runTask(ResultTask.scala:90)\n\tat org.apache.spark.scheduler.Task.run(Task.scala:131)\n\tat org.apache.spark.executor.Executor$TaskRunner.$anonfun$run$3(Executor.scala:505)\n\tat org.apache.spark.util.Utils$.tryWithSafeFinally(Utils.scala:1617)\n\tat org.apache.spark.executor.Executor$TaskRunner.run(Executor.scala:508)\n\tat java.util.concurrent.ThreadPoolExecutor.runWorker(ThreadPoolExecutor.java:1149)\n\tat java.util.concurrent.ThreadPoolExecutor$Worker.run(ThreadPoolExecutor.java:624)\n\tat java.lang.Thread.run(Thread.java:750)\n\nDriver stacktrace::37:36', 'org.apache.spark.sql.hive.thriftserver.SparkExecuteStatementOperation:org$apache$spark$sql$hive$thriftserver$SparkExecuteStatementOperation$$execute:SparkExecuteStatementOperation.scala:389', 'org.apache.spark.sql.hive.thriftserver.SparkExecuteStatementOperation:runInternal:SparkExecuteStatementOperation.scala:256', 'org.apache.hive.service.cli.operation.Operation:run:Operation.java:276', 'org.apache.spark.sql.hive.thriftserver.SparkExecuteStatementOperation:org$apache$spark$sql$hive$thriftserver$SparkOperation$$super$run:SparkExecuteStatementOperation.scala:47', 'org.apache.spark.sql.hive.thriftserver.SparkOperation:$anonfun$run$1:SparkOperation.scala:44', 'scala.runtime.java8.JFunction0$mcV$sp:apply:JFunction0$mcV$sp.java:23', 'org.apache.spark.sql.hive.thriftserver.SparkOperation:withLocalProperties:SparkOperation.scala:78', 'org.apache.spark.sql.hive.thriftserver.SparkOperation:withLocalProperties$:SparkOperation.scala:62', 'org.apache.spark.sql.hive.thriftserver.SparkExecuteStatementOperation:withLocalProperties:SparkExecuteStatementOperation.scala:47', 'org.apache.spark.sql.hive.thriftserver.SparkOperation:run:SparkOperation.scala:44', 'org.apache.spark.sql.hive.thriftserver.SparkOperation:run$:SparkOperation.scala:42', 'org.apache.spark.sql.hive.thriftserver.SparkExecuteStatementOperation:run:SparkExecuteStatementOperation.scala:47', 'org.apache.hive.service.cli.session.HiveSessionImpl:executeStatementInternal:HiveSessionImpl.java:471', 'org.apache.hive.service.cli.session.HiveSessionImpl:executeStatement:HiveSessionImpl.java:447', 'sun.reflect.GeneratedMethodAccessor235:invoke::-1', 'sun.reflect.DelegatingMethodAccessorImpl:invoke:DelegatingMethodAccessorImpl.java:43', 'java.lang.reflect.Method:invoke:Method.java:498', 'org.apache.hive.service.cli.session.HiveSessionProxy:invoke:HiveSessionProxy.java:78', 'org.apache.hive.service.cli.session.HiveSessionProxy:access$000:HiveSessionProxy.java:36', 'org.apache.hive.service.cli.session.HiveSessionProxy$1:run:HiveSessionProxy.java:63', 'java.security.AccessController:doPrivileged:AccessController.java:-2', 'javax.security.auth.Subject:doAs:Subject.java:422', 'org.apache.hadoop.security.UserGroupInformation:doAs:UserGroupInformation.java:1761', 'org.apache.hive.service.cli.session.HiveSessionProxy:invoke:HiveSessionProxy.java:59', 'com.sun.proxy.$Proxy42:executeStatement::-1', 'org.apache.hive.service.cli.CLIService:executeStatement:CLIService.java:281', 'org.apache.hive.service.cli.thrift.ThriftCLIService:ExecuteStatement:ThriftCLIService.java:528', 'org.apache.hive.service.cli.thrift.AuditLogThriftCLIServiceWithHealthCheck:ExecuteStatement:AuditLogThriftCLIServiceWithHealthCheck.java:390', 'org.apache.hive.service.rpc.thrift.TCLIService$Processor$ExecuteStatement:getResult:TCLIService.java:1550', 'org.apache.hive.service.rpc.thrift.TCLIService$Processor$ExecuteStatement:getResult:TCLIService.java:1530', 'org.apache.thrift.ProcessFunction:process:ProcessFunction.java:38', 'org.apache.thrift.TBaseProcessor:process:TBaseProcessor.java:38', 'org.apache.hadoop.hive.metastore.security.HadoopThriftAuthBridge$Server$TUGIAssumingProcessor:process:HadoopThriftAuthBridge.java:650', 'org.apache.thrift.server.TThreadPoolServer$WorkerProcess:run:TThreadPoolServer.java:248', 'java.util.concurrent.ThreadPoolExecutor:runWorker:ThreadPoolExecutor.java:1149', 'java.util.concurrent.ThreadPoolExecutor$Worker:run:ThreadPoolExecutor.java:624', 'java.lang.Thread:run:Thread.java:750', '*org.apache.spark.SparkException:Job aborted due to stage failure: Task 612 in stage 2889.0 failed 4 times, most recent failure: Lost task 612.3 in stage 2889.0 (TID 5191662) (hadoopc1h42 executor 89): org.apache.spark.memory.SparkOutOfMemoryError: Unable to acquire 196 bytes of memory, got 0\n\tat org.apache.spark.memory.MemoryConsumer.throwOom(MemoryConsumer.java:157)\n\tat org.apache.spark.memory.MemoryConsumer.allocatePage(MemoryConsumer.java:118)\n\tat org.apache.spark.util.collection.unsafe.sort.UnsafeExternalSorter.acquireNewPageIfNecessary(UnsafeExternalSorter.java:401)\n\tat org.apache.spark.util.collection.unsafe.sort.UnsafeExternalSorter.allocateMemoryForRecordIfNecessary(UnsafeExternalSorter.java:420)\n\tat org.apache.spark.util.collection.unsafe.sort.UnsafeExternalSorter.insertRecord(UnsafeExternalSorter.java:455)\n\tat org.apache.spark.sql.execution.UnsafeExternalRowSorter.insertRow(UnsafeExternalRowSorter.java:115)\n\tat org.apache.spark.sql.catalyst.expressions.GeneratedClass$GeneratedIteratorForCodegenStage4.sort_addToSorter_0$(Unknown Source)\n\tat org.apache.spark.sql.catalyst.expressions.GeneratedClass$GeneratedIteratorForCodegenStage4.processNext(Unknown Source)\n\tat org.apache.spark.sql.execution.BufferedRowIterator.hasNext(BufferedRowIterator.java:43)\n\tat org.apache.spark.sql.execution.WholeStageCodegenExec$$anon$1.hasNext(WholeStageCodegenExec.scala:755)\n\tat org.apache.spark.sql.execution.window.WindowExec$$anon$1.fetchNextRow(WindowExec.scala:133)\n\tat org.apache.spark.sql.execution.window.WindowExec$$anon$1.<init>(WindowExec.scala:142)\n\tat org.apache.spark.sql.execution.window.WindowExec.$anonfun$doExecute$3(WindowExec.scala:122)\n\tat org.apache.spark.rdd.RDD.$anonfun$mapPartitions$2(RDD.scala:862)\n\tat org.apache.spark.rdd.RDD.$anonfun$mapPartitions$2$adapted(RDD.scala:862)\n\tat org.apache.spark.rdd.MapPartitionsRDD.compute(MapPartitionsRDD.scala:52)\n\tat org.apache.spark.rdd.RDD.computeOrReadCheckpoint(RDD.scala:373)\n\tat org.apache.spark.rdd.RDD.iterator(RDD.scala:337)\n\tat org.apache.spark.rdd.MapPartitionsRDD.compute(MapPartitionsRDD.scala:52)\n\tat org.apache.spark.rdd.RDD.computeOrReadCheckpoint(RDD.scala:373)\n\tat org.apache.spark.rdd.RDD.iterator(RDD.scala:337)\n\tat org.apache.spark.rdd.MapPartitionsRDD.compute(MapPartitionsRDD.scala:52)\n\tat org.apache.spark.rdd.RDD.computeOrReadCheckpoint(RDD.scala:373)\n\tat org.apache.spark.rdd.RDD.iterator(RDD.scala:337)\n\tat org.apache.spark.rdd.MapPartitionsRDD.compute(MapPartitionsRDD.scala:52)\n\tat org.apache.spark.rdd.RDD.computeOrReadCheckpoint(RDD.scala:373)\n\tat org.apache.spark.rdd.RDD.iterator(RDD.scala:337)\n\tat org.apache.spark.rdd.MapPartitionsRDD.compute(MapPartitionsRDD.scala:52)\n\tat org.apache.spark.rdd.RDD.computeOrReadCheckpoint(RDD.scala:373)\n\tat org.apache.spark.rdd.RDD.iterator(RDD.scala:337)\n\tat org.apache.spark.rdd.MapPartitionsRDD.compute(MapPartitionsRDD.scala:52)\n\tat org.apache.spark.rdd.RDD.computeOrReadCheckpoint(RDD.scala:373)\n\tat org.apache.spark.rdd.RDD.iterator(RDD.scala:337)\n\tat org.apache.spark.rdd.MapPartitionsRDD.compute(MapPartitionsRDD.scala:52)\n\tat org.apache.spark.rdd.RDD.computeOrReadCheckpoint(RDD.scala:373)\n\tat org.apache.spark.rdd.RDD.iterator(RDD.scala:337)\n\tat org.apache.spark.scheduler.ResultTask.runTask(ResultTask.scala:90)\n\tat org.apache.spark.scheduler.Task.run(Task.scala:131)\n\tat org.apache.spark.executor.Executor$TaskRunner.$anonfun$run$3(Executor.scala:505)\n\tat org.apache.spark.util.Utils$.tryWithSafeFinally(Utils.scala:1617)\n\tat org.apache.spark.executor.Executor$TaskRunner.run(Executor.scala:508)\n\tat java.util.concurrent.ThreadPoolExecutor.runWorker(ThreadPoolExecutor.java:1149)\n\tat java.util.concurrent.ThreadPoolExecutor$Worker.run(ThreadPoolExecutor.java:624)\n\tat java.lang.Thread.run(Thread.java:750)\n\nDriver stacktrace::99:62', 'org.apache.spark.scheduler.DAGScheduler:failJobAndIndependentStages:DAGScheduler.scala:2305', 'org.apache.spark.scheduler.DAGScheduler:$anonfun$abortStage$2:DAGScheduler.scala:2254', 'org.apache.spark.scheduler.DAGScheduler:$anonfun$abortStage$2$adapted:DAGScheduler.scala:2253', 'scala.collection.mutable.ResizableArray:foreach:ResizableArray.scala:62', 'scala.collection.mutable.ResizableArray:foreach$:ResizableArray.scala:55', 'scala.collection.mutable.ArrayBuffer:foreach:ArrayBuffer.scala:49', 'org.apache.spark.scheduler.DAGScheduler:abortStage:DAGScheduler.scala:2253', 'org.apache.spark.scheduler.DAGScheduler:$anonfun$handleTaskSetFailed$1:DAGScheduler.scala:1119', 'org.apache.spark.scheduler.DAGScheduler:$anonfun$handleTaskSetFailed$1$adapted:DAGScheduler.scala:1119', 'scala.Option:foreach:Option.scala:407', 'org.apache.spark.scheduler.DAGScheduler:handleTaskSetFailed:DAGScheduler.scala:1119', 'org.apache.spark.scheduler.DAGSchedulerEventProcessLoop:doOnReceive:DAGScheduler.scala:2492', 'org.apache.spark.scheduler.DAGSchedulerEventProcessLoop:onReceive:DAGScheduler.scala:2434', 'org.apache.spark.scheduler.DAGSchedulerEventProcessLoop:onReceive:DAGScheduler.scala:2423', 'org.apache.spark.util.EventLoop$$anon$1:run:EventLoop.scala:49', 'org.apache.spark.scheduler.DAGScheduler:runJob:DAGScheduler.scala:906', 'org.apache.spark.SparkContext:runJob:SparkContext.scala:2332', 'org.apache.spark.SparkContext:runJob:SparkContext.scala:2353', 'org.apache.spark.SparkContext:runJob:SparkContext.scala:2372', 'org.apache.spark.SparkContext:runJob:SparkContext.scala:2397', 'org.apache.spark.rdd.RDD:$anonfun$collect$1:RDD.scala:1029', 'org.apache.spark.rdd.RDDOperationScope$:withScope:RDDOperationScope.scala:151', 'org.apache.spark.rdd.RDDOperationScope$:withScope:RDDOperationScope.scala:112', 'org.apache.spark.rdd.RDD:withScope:RDD.scala:413', 'org.apache.spark.rdd.RDD:collect:RDD.scala:1028', 'org.apache.spark.RangePartitioner$:sketch:Partitioner.scala:304', 'org.apache.spark.RangePartitioner:<init>:Partitioner.scala:171', 'org.apache.spark.sql.execution.exchange.ShuffleExchangeExec$:prepareShuffleDependency:ShuffleExchangeExec.scala:267', 'org.apache.spark.sql.execution.exchange.ShuffleExchangeExec:shuffleDependency$lzycompute:ShuffleExchangeExec.scala:155', 'org.apache.spark.sql.execution.exchange.ShuffleExchangeExec:shuffleDependency:ShuffleExchangeExec.scala:149', 'org.apache.spark.sql.execution.exchange.ShuffleExchangeExec:$anonfun$doExecute$1:ShuffleExchangeExec.scala:166', 'org.apache.spark.sql.catalyst.errors.package$:attachTree:package.scala:52', 'org.apache.spark.sql.execution.exchange.ShuffleExchangeExec:doExecute:ShuffleExchangeExec.scala:163', 'org.apache.spark.sql.execution.SparkPlan:$anonfun$execute$1:SparkPlan.scala:180', 'org.apache.spark.sql.execution.SparkPlan:$anonfun$executeQuery$1:SparkPlan.scala:218', 'org.apache.spark.rdd.RDDOperationScope$:withScope:RDDOperationScope.scala:151', 'org.apache.spark.sql.execution.SparkPlan:executeQuery:SparkPlan.scala:215', 'org.apache.spark.sql.execution.SparkPlan:execute:SparkPlan.scala:176', 'org.apache.spark.sql.execution.InputAdapter:inputRDD:WholeStageCodegenExec.scala:525', 'org.apache.spark.sql.execution.InputRDDCodegen:inputRDDs:WholeStageCodegenExec.scala:453', 'org.apache.spark.sql.execution.InputRDDCodegen:inputRDDs$:WholeStageCodegenExec.scala:452', 'org.apache.spark.sql.execution.InputAdapter:inputRDDs:WholeStageCodegenExec.scala:496', 'org.apache.spark.sql.execution.SortExecBase:inputRDDs:SortExec.scala:143', 'org.apache.spark.sql.execution.WholeStageCodegenExec:doExecute:WholeStageCodegenExec.scala:746', 'org.apache.spark.sql.execution.SparkPlan:$anonfun$execute$1:SparkPlan.scala:180', 'org.apache.spark.sql.execution.SparkPlan:$anonfun$executeQuery$1:SparkPlan.scala:218', 'org.apache.spark.rdd.RDDOperationScope$:withScope:RDDOperationScope.scala:151', 'org.apache.spark.sql.execution.SparkPlan:executeQuery:SparkPlan.scala:215', 'org.apache.spark.sql.execution.SparkPlan:execute:SparkPlan.scala:176', 'org.apache.spark.sql.execution.SparkPlan:getByteArrayRdd:SparkPlan.scala:321', 'org.apache.spark.sql.execution.SparkPlan:executeCollect:SparkPlan.scala:387', 'org.apache.spark.sql.Dataset:collectFromPlan:Dataset.scala:3714', 'org.apache.spark.sql.Dataset:$anonfun$collect$1:Dataset.scala:2976', 'org.apache.spark.sql.Dataset:$anonfun$withAction$1:Dataset.scala:3705', 'org.apache.spark.sql.execution.SQLExecution$:$anonfun$withNewExecutionId$5:SQLExecution.scala:108', 'org.apache.spark.sql.execution.SQLExecution$:withSQLConfPropagated:SQLExecution.scala:170', 'org.apache.spark.sql.execution.SQLExecution$:$anonfun$withNewExecutionId$1:SQLExecution.scala:91', 'org.apache.spark.sql.SparkSession:withActive:SparkSession.scala:781', 'org.apache.spark.sql.execution.SQLExecution$:withNewExecutionId:SQLExecution.scala:65', 'org.apache.spark.sql.Dataset:withAction:Dataset.scala:3703', 'org.apache.spark.sql.Dataset:collect:Dataset.scala:2976', 'org.apache.spark.sql.hive.thriftserver.SparkExecuteProxyStatementOperation:processResults:SparkExecuteProxyStatementOperation.scala:228', 'org.apache.spark.sql.hive.thriftserver.SparkExecuteStatementOperation:org$apache$spark$sql$hive$thriftserver$SparkExecuteStatementOperation$$execute:SparkExecuteStatementOperation.scala:358', '*org.apache.spark.memory.SparkOutOfMemoryError:Unable to acquire 196 bytes of memory, got 0:44:40', 'org.apache.spark.memory.MemoryConsumer:throwOom:MemoryConsumer.java:157', 'org.apache.spark.memory.MemoryConsumer:allocatePage:MemoryConsumer.java:118', 'org.apache.spark.util.collection.unsafe.sort.UnsafeExternalSorter:acquireNewPageIfNecessary:UnsafeExternalSorter.java:401', 'org.apache.spark.util.collection.unsafe.sort.UnsafeExternalSorter:allocateMemoryForRecordIfNecessary:UnsafeExternalSorter.java:420', 'org.apache.spark.util.collection.unsafe.sort.UnsafeExternalSorter:insertRecord:UnsafeExternalSorter.java:455', 'org.apache.spark.sql.execution.UnsafeExternalRowSorter:insertRow:UnsafeExternalRowSorter.java:115', 'org.apache.spark.sql.catalyst.expressions.GeneratedClass$GeneratedIteratorForCodegenStage4:sort_addToSorter_0$::-1', 'org.apache.spark.sql.catalyst.expressions.GeneratedClass$GeneratedIteratorForCodegenStage4:processNext::-1', 'org.apache.spark.sql.execution.BufferedRowIterator:hasNext:BufferedRowIterator.java:43', 'org.apache.spark.sql.execution.WholeStageCodegenExec$$anon$1:hasNext:WholeStageCodegenExec.scala:755', 'org.apache.spark.sql.execution.window.WindowExec$$anon$1:fetchNextRow:WindowExec.scala:133', 'org.apache.spark.sql.execution.window.WindowExec$$anon$1:<init>:WindowExec.scala:142', 'org.apache.spark.sql.execution.window.WindowExec:$anonfun$doExecute$3:WindowExec.scala:122', 'org.apache.spark.rdd.RDD:$anonfun$mapPartitions$2:RDD.scala:862', 'org.apache.spark.rdd.RDD:$anonfun$mapPartitions$2$adapted:RDD.scala:862', 'org.apache.spark.rdd.MapPartitionsRDD:compute:MapPartitionsRDD.scala:52', 'org.apache.spark.rdd.RDD:computeOrReadCheckpoint:RDD.scala:373', 'org.apache.spark.rdd.RDD:iterator:RDD.scala:337', 'org.apache.spark.rdd.MapPartitionsRDD:compute:MapPartitionsRDD.scala:52', 'org.apache.spark.rdd.RDD:computeOrReadCheckpoint:RDD.scala:373', 'org.apache.spark.rdd.RDD:iterator:RDD.scala:337', 'org.apache.spark.rdd.MapPartitionsRDD:compute:MapPartitionsRDD.scala:52', 'org.apache.spark.rdd.RDD:computeOrReadCheckpoint:RDD.scala:373', 'org.apache.spark.rdd.RDD:iterator:RDD.scala:337', 'org.apache.spark.rdd.MapPartitionsRDD:compute:MapPartitionsRDD.scala:52', 'org.apache.spark.rdd.RDD:computeOrReadCheckpoint:RDD.scala:373', 'org.apache.spark.rdd.RDD:iterator:RDD.scala:337', 'org.apache.spark.rdd.MapPartitionsRDD:compute:MapPartitionsRDD.scala:52', 'org.apache.spark.rdd.RDD:computeOrReadCheckpoint:RDD.scala:373', 'org.apache.spark.rdd.RDD:iterator:RDD.scala:337', 'org.apache.spark.rdd.MapPartitionsRDD:compute:MapPartitionsRDD.scala:52', 'org.apache.spark.rdd.RDD:computeOrReadCheckpoint:RDD.scala:373', 'org.apache.spark.rdd.RDD:iterator:RDD.scala:337', 'org.apache.spark.rdd.MapPartitionsRDD:compute:MapPartitionsRDD.scala:52', 'org.apache.spark.rdd.RDD:computeOrReadCheckpoint:RDD.scala:373', 'org.apache.spark.rdd.RDD:iterator:RDD.scala:337', 'org.apache.spark.scheduler.ResultTask:runTask:ResultTask.scala:90', 'org.apache.spark.scheduler.Task:run:Task.scala:131', 'org.apache.spark.executor.Executor$TaskRunner:$anonfun$run$3:Executor.scala:505', 'org.apache.spark.util.Utils$:tryWithSafeFinally:Utils.scala:1617', 'org.apache.spark.executor.Executor$TaskRunner:run:Executor.scala:508'], sqlState=None, errorCode=0, errorMessage='Error running query: org.apache.spark.SparkException: Job aborted due to stage failure: Task 612 in stage 2889.0 failed 4 times, most recent failure: Lost task 612.3 in stage 2889.0 (TID 5191662) (hadoopc1h42 executor 89): org.apache.spark.memory.SparkOutOfMemoryError: Unable to acquire 196 bytes of memory, got 0\n\tat org.apache.spark.memory.MemoryConsumer.throwOom(MemoryConsumer.java:157)\n\tat org.apache.spark.memory.MemoryConsumer.allocatePage(MemoryConsumer.java:118)\n\tat org.apache.spark.util.collection.unsafe.sort.UnsafeExternalSorter.acquireNewPageIfNecessary(UnsafeExternalSorter.java:401)\n\tat org.apache.spark.util.collection.unsafe.sort.UnsafeExternalSorter.allocateMemoryForRecordIfNecessary(UnsafeExternalSorter.java:420)\n\tat org.apache.spark.util.collection.unsafe.sort.UnsafeExternalSorter.insertRecord(UnsafeExternalSorter.java:455)\n\tat org.apache.spark.sql.execution.UnsafeExternalRowSorter.insertRow(UnsafeExternalRowSorter.java:115)\n\tat org.apache.spark.sql.catalyst.expressions.GeneratedClass$GeneratedIteratorForCodegenStage4.sort_addToSorter_0$(Unknown Source)\n\tat org.apache.spark.sql.catalyst.expressions.GeneratedClass$GeneratedIteratorForCodegenStage4.processNext(Unknown Source)\n\tat org.apache.spark.sql.execution.BufferedRowIterator.hasNext(BufferedRowIterator.java:43)\n\tat org.apache.spark.sql.execution.WholeStageCodegenExec$$anon$1.hasNext(WholeStageCodegenExec.scala:755)\n\tat org.apache.spark.sql.execution.window.WindowExec$$anon$1.fetchNextRow(WindowExec.scala:133)\n\tat org.apache.spark.sql.execution.window.WindowExec$$anon$1.<init>(WindowExec.scala:142)\n\tat org.apache.spark.sql.execution.window.WindowExec.$anonfun$doExecute$3(WindowExec.scala:122)\n\tat org.apache.spark.rdd.RDD.$anonfun$mapPartitions$2(RDD.scala:862)\n\tat org.apache.spark.rdd.RDD.$anonfun$mapPartitions$2$adapted(RDD.scala:862)\n\tat org.apache.spark.rdd.MapPartitionsRDD.compute(MapPartitionsRDD.scala:52)\n\tat org.apache.spark.rdd.RDD.computeOrReadCheckpoint(RDD.scala:373)\n\tat org.apache.spark.rdd.RDD.iterator(RDD.scala:337)\n\tat org.apache.spark.rdd.MapPartitionsRDD.compute(MapPartitionsRDD.scala:52)\n\tat org.apache.spark.rdd.RDD.computeOrReadCheckpoint(RDD.scala:373)\n\tat org.apache.spark.rdd.RDD.iterator(RDD.scala:337)\n\tat org.apache.spark.rdd.MapPartitionsRDD.compute(MapPartitionsRDD.scala:52)\n\tat org.apache.spark.rdd.RDD.computeOrReadCheckpoint(RDD.scala:373)\n\tat org.apache.spark.rdd.RDD.iterator(RDD.scala:337)\n\tat org.apache.spark.rdd.MapPartitionsRDD.compute(MapPartitionsRDD.scala:52)\n\tat org.apache.spark.rdd.RDD.computeOrReadCheckpoint(RDD.scala:373)\n\tat org.apache.spark.rdd.RDD.iterator(RDD.scala:337)\n\tat org.apache.spark.rdd.MapPartitionsRDD.compute(MapPartitionsRDD.scala:52)\n\tat org.apache.spark.rdd.RDD.computeOrReadCheckpoint(RDD.scala:373)\n\tat org.apache.spark.rdd.RDD.iterator(RDD.scala:337)\n\tat org.apache.spark.rdd.MapPartitionsRDD.compute(MapPartitionsRDD.scala:52)\n\tat org.apache.spark.rdd.RDD.computeOrReadCheckpoint(RDD.scala:373)\n\tat org.apache.spark.rdd.RDD.iterator(RDD.scala:337)\n\tat org.apache.spark.rdd.MapPartitionsRDD.compute(MapPartitionsRDD.scala:52)\n\tat org.apache.spark.rdd.RDD.computeOrReadCheckpoint(RDD.scala:373)\n\tat org.apache.spark.rdd.RDD.iterator(RDD.scala:337)\n\tat org.apache.spark.scheduler.ResultTask.runTask(ResultTask.scala:90)\n\tat org.apache.spark.scheduler.Task.run(Task.scala:131)\n\tat org.apache.spark.executor.Executor$TaskRunner.$anonfun$run$3(Executor.scala:505)\n\tat org.apache.spark.util.Utils$.tryWithSafeFinally(Utils.scala:1617)\n\tat org.apache.spark.executor.Executor$TaskRunner.run(Executor.scala:508)\n\tat java.util.concurrent.ThreadPoolExecutor.runWorker(ThreadPoolExecutor.java:1149)\n\tat java.util.concurrent.ThreadPoolExecutor$Worker.run(ThreadPoolExecutor.java:624)\n\tat java.lang.Thread.run(Thread.java:750)\n\nDriver stacktrace:'), operationHandle=None)
[daily] reconnecting ...
[daily] reconnected.
======================================================================
daily_update run at 2026-09-13 01:05:00 (jobs=['daily'], dry_run=False, check=False)
[daily] discovering tables (ps.DETAIL_CDR_SGIDIAMETER_%) ...
[daily] backfill mode — considering newest 10 table(s) (existing CSVs are skipped)
[daily] ps.detail_cdr_sgidiameter_20700: holds 1970-01-01 but is still the current (partial) day — skipped, will export tomorrow
[daily] ps.detail_cdr_sgidiameter_20701: CSV already exists — marking done
[daily] ps.detail_cdr_sgidiameter_20702: CSV already exists — marking done
[daily] ps.detail_cdr_sgidiameter_20705: holds 1970-01-01 but is still the current (partial) day — skipped, will export tomorrow
[daily] ps.detail_cdr_sgidiameter_20706: holds 1970-01-01 but is still the current (partial) day — skipped, will export tomorrow
[daily] ps.detail_cdr_sgidiameter_20707: holds 1970-01-01 but is still the current (partial) day — skipped, will export tomorrow
[daily] ps.detail_cdr_sgidiameter_20708: holds 1970-01-01 but is still the current (partial) day — skipped, will export tomorrow
[daily] ps.detail_cdr_sgidiameter_20709: holds 1970-01-01 but is still the current (partial) day — skipped, will export tomorrow
[daily] ps.detail_cdr_sgidiameter_20703 (2026-09-06): exporting ...
======================================================================
daily_update run at 2026-09-13 01:33:39 (jobs=['daily'], dry_run=False, check=False)
[daily] discovering tables (ps.DETAIL_CDR_SGIDIAMETER_%) ...
[daily] backfill mode — considering newest 10 table(s) (existing CSVs are skipped)
[daily] ps.detail_cdr_sgidiameter_20700: holds 1970-01-01 but is still the current (partial) day — skipped, will export tomorrow
[daily] ps.detail_cdr_sgidiameter_20701: CSV already exists — marking done
[daily] ps.detail_cdr_sgidiameter_20702: CSV already exists — marking done
[daily] ps.detail_cdr_sgidiameter_20705: holds 1970-01-01 but is still the current (partial) day — skipped, will export tomorrow
[daily] ps.detail_cdr_sgidiameter_20706: holds 1970-01-01 but is still the current (partial) day — skipped, will export tomorrow
[daily] ps.detail_cdr_sgidiameter_20707: holds 1970-01-01 but is still the current (partial) day — skipped, will export tomorrow
[daily] ps.detail_cdr_sgidiameter_20708: holds 1970-01-01 but is still the current (partial) day — skipped, will export tomorrow
[daily] ps.detail_cdr_sgidiameter_20709: holds 1970-01-01 but is still the current (partial) day — skipped, will export tomorrow
[daily] ps.detail_cdr_sgidiameter_20703 (2026-09-06): exporting ...
[daily] ps.detail_cdr_sgidiameter_20703 (2026-09-06): wrote 10,602 rows -> detail_cdr_sgidiameter_20703.csv | exec 886.5s (server), fetch 0.6s (17,670 rows/s), write 0.1s
[daily] ps.detail_cdr_sgidiameter_20703 (2026-09-06): wrote 10,602 rows -> ClickHouse `free_rg_smart_care_daily` (0.1s)
[daily] ps.detail_cdr_sgidiameter_20704 (2026-09-07): exporting ...
[daily] ps.detail_cdr_sgidiameter_20704 (2026-09-07): wrote 10,556 rows -> detail_cdr_sgidiameter_20704.csv | exec 780.3s (server), fetch 0.4s (26,390 rows/s), write 0.1s
[daily] ps.detail_cdr_sgidiameter_20704 (2026-09-07): wrote 10,556 rows -> ClickHouse `free_rg_smart_care_daily` (0.1s)
state saved: {'daily': 20704}
run finished
======================================================================
daily_update run at 2026-09-13 02:06:14 (jobs=['daily'], dry_run=False, check=False)
[daily] discovering tables (ps.DETAIL_CDR_SGIDIAMETER_%) ...
[daily] backfill mode — considering newest 10 table(s) (existing CSVs are skipped)
[daily] ps.detail_cdr_sgidiameter_20700: holds 1970-01-01 but is still the current (partial) day — skipped, will export tomorrow
[daily] ps.detail_cdr_sgidiameter_20701: CSV already exists — marking done
[daily] ps.detail_cdr_sgidiameter_20702: CSV already exists — marking done
[daily] ps.detail_cdr_sgidiameter_20703: CSV already exists — marking done
[daily] ps.detail_cdr_sgidiameter_20704: CSV already exists — marking done
[daily] ps.detail_cdr_sgidiameter_20705: holds 1970-01-01 but is still the current (partial) day — skipped, will export tomorrow
[daily] ps.detail_cdr_sgidiameter_20706: holds 1970-01-01 but is still the current (partial) day — skipped, will export tomorrow
[daily] ps.detail_cdr_sgidiameter_20707: holds 1970-01-01 but is still the current (partial) day — skipped, will export tomorrow
[daily] ps.detail_cdr_sgidiameter_20708: holds 1970-01-01 but is still the current (partial) day — skipped, will export tomorrow
[daily] ps.detail_cdr_sgidiameter_20709: holds 1970-01-01 but is still the current (partial) day — skipped, will export tomorrow
state saved: {'daily': 20704}
run finished
